
> digitallibrarysystem@0.0.0 build
> vite build

[36mvite v7.3.1 [32mbuilding client environment for production...[36m[39m
transforming...
[32mΓ£ô[39m 26 modules transformed.
node.exe : [31mΓ£ù[39m 
Build failed in 265ms
At line:1 char:1
+ & "C:\Program 
Files\nodejs/node.exe" 
"C:\Program 
Files\nodejs/node_mo ...
+ ~~~~~~~~~~~~~~~~~~~~~~~~
~~~~~~~~~~~~~~~~~~~~~~~~~~
~~~~~~~~~~~~~~~~~~~
    + CategoryInfo        
      : NotSpecified: (  
  [31mΓ£ù[39m Build fa   
 iled in 265ms:String)    
 [], RemoteException
    + FullyQualifiedError 
   Id : NativeCommandErr  
  or
 
[31merror during build:
[31m[vite]: Rollup 
failed to resolve import 
"axios" from "M:/4 sem/AMS
D/DigitalLibrarySystem/fro
ntend/src/pages/ForgotPass
wordPage.jsx".
This is most likely 
unintended because it can 
break your application at 
runtime.
If you do want to 
externalize this module 
explicitly add it to
`build.rollupOptions.exter
nal`[31m
    at viteLog (file:///M:
/4%20sem/AMSD/DigitalLibra
rySystem/frontend/node_mod
ules/vite/dist/node/chunks
/config.js:33635:57)
    at file:///M:/4%20sem/
AMSD/DigitalLibrarySystem/
frontend/node_modules/vite
/dist/node/chunks/config.j
s:33669:73
    at onwarn (file:///M:/
4%20sem/AMSD/DigitalLibrar
ySystem/frontend/node_modu
les/@vitejs/plugin-react/d
ist/index.js:76:7)
    at file:///M:/4%20sem/
AMSD/DigitalLibrarySystem/
frontend/node_modules/vite
/dist/node/chunks/config.j
s:33669:28
    at onRollupLog (file:/
//M:/4%20sem/AMSD/DigitalL
ibrarySystem/frontend/node
_modules/vite/dist/node/ch
unks/config.js:33664:63)
    at onLog (file:///M:/4
%20sem/AMSD/DigitalLibrary
System/frontend/node_modul
es/vite/dist/node/chunks/c
onfig.js:33467:4)
    at file:///M:/4%20sem/
AMSD/DigitalLibrarySystem/
frontend/node_modules/roll
up/dist/es/shared/node-ent
ry.js:20958:32
    at Object.logger [as 
onLog] (file:///M:/4%20sem
/AMSD/DigitalLibrarySystem
/frontend/node_modules/rol
lup/dist/es/shared/node-en
try.js:22945:9)
    at ModuleLoader.handle
InvalidResolvedId (file://
/M:/4%20sem/AMSD/DigitalLi
brarySystem/frontend/node_
modules/rollup/dist/es/sha
red/node-entry.js:21689:26
)
    at file:///M:/4%20sem/
AMSD/DigitalLibrarySystem/
frontend/node_modules/roll
up/dist/es/shared/node-ent
ry.js:21647:26[39m
